INFO 2025-05-01 17:25:18,112 autoreload Watching for file changes with StatReloader
INFO 2025-05-01 17:29:41,569 autoreload C:\Users\DELL\PycharmProjects\taskmanager\tasks\models.py changed, reloading.
INFO 2025-05-01 17:29:43,476 autoreload Watching for file changes with StatReloader
INFO 2025-05-01 17:29:55,749 autoreload C:\Users\DELL\PycharmProjects\taskmanager\users\admin.py changed, reloading.
INFO 2025-05-01 17:29:57,904 autoreload Watching for file changes with StatReloader
INFO 2025-05-01 17:30:16,831 autoreload C:\Users\DELL\PycharmProjects\taskmanager\tasks\admin.py changed, reloading.
INFO 2025-05-01 17:30:18,662 autoreload Watching for file changes with StatReloader
INFO 2025-05-01 17:31:10,675 autoreload C:\Users\DELL\PycharmProjects\taskmanager\tasks\admin.py changed, reloading.
INFO 2025-05-01 17:31:11,828 autoreload Watching for file changes with StatReloader
INFO 2025-05-01 17:31:24,673 autoreload C:\Users\DELL\PycharmProjects\taskmanager\tasks\admin.py changed, reloading.
INFO 2025-05-01 17:31:26,356 autoreload Watching for file changes with StatReloader
INFO 2025-05-01 17:32:08,114 autoreload C:\Users\DELL\PycharmProjects\taskmanager\users\models.py changed, reloading.
INFO 2025-05-01 17:32:10,688 autoreload Watching for file changes with StatReloader
INFO 2025-05-01 17:34:53,375 autoreload C:\Users\DELL\PycharmProjects\taskmanager\taskmanager\settings.py changed, reloading.
INFO 2025-05-01 17:34:54,427 autoreload Watching for file changes with StatReloader
INFO 2025-05-01 17:36:14,334 autoreload Watching for file changes with StatReloader
WARNING 2025-05-01 17:36:17,671 log Not Found: /
WARNING 2025-05-01 17:36:17,671 basehttp "GET / HTTP/1.1" 404 2560
WARNING 2025-05-01 17:36:17,857 log Not Found: /favicon.ico
WARNING 2025-05-01 17:36:17,857 basehttp "GET /favicon.ico HTTP/1.1" 404 2611
INFO 2025-05-01 17:36:28,789 basehttp "GET /admin/ HTTP/1.1" 302 0
INFO 2025-05-01 17:36:28,962 basehttp "GET /admin/login/?next=/admin/ HTTP/1.1" 200 4181
INFO 2025-05-01 17:36:36,289 basehttp "POST /admin/login/?next=/admin/ HTTP/1.1" 200 4342
INFO 2025-05-01 17:37:02,434 basehttp "GET /admin/login/?next=/admin/ HTTP/1.1" 200 4181
INFO 2025-05-01 17:37:03,126 basehttp "GET /admin/login/?next=/admin/ HTTP/1.1" 200 4181
WARNING 2025-05-01 17:37:04,835 log Not Found: /
WARNING 2025-05-01 17:37:04,835 basehttp "GET / HTTP/1.1" 404 2560
INFO 2025-05-01 17:38:04,720 autoreload C:\Users\DELL\PycharmProjects\taskmanager\taskmanager\urls.py changed, reloading.
INFO 2025-05-01 17:38:06,392 autoreload Watching for file changes with StatReloader
INFO 2025-05-01 17:38:32,066 autoreload Watching for file changes with StatReloader
INFO 2025-05-01 17:39:14,730 autoreload C:\Users\DELL\PycharmProjects\taskmanager\taskmanager\urls.py changed, reloading.
INFO 2025-05-01 17:39:16,432 autoreload Watching for file changes with StatReloader
INFO 2025-05-01 17:39:45,809 autoreload C:\Users\DELL\PycharmProjects\taskmanager\tasks\permissions.py changed, reloading.
INFO 2025-05-01 17:39:47,478 autoreload Watching for file changes with StatReloader
INFO 2025-05-01 17:40:39,929 autoreload C:\Users\DELL\PycharmProjects\taskmanager\tasks\views.py changed, reloading.
INFO 2025-05-01 17:40:41,610 autoreload Watching for file changes with StatReloader
INFO 2025-05-01 17:41:27,303 autoreload C:\Users\DELL\PycharmProjects\taskmanager\tasks\serializers.py changed, reloading.
INFO 2025-05-01 17:41:28,666 autoreload Watching for file changes with StatReloader
INFO 2025-05-01 17:42:11,226 autoreload C:\Users\DELL\PycharmProjects\taskmanager\tasks\admin.py changed, reloading.
INFO 2025-05-01 17:42:12,761 autoreload Watching for file changes with StatReloader
INFO 2025-05-01 17:42:56,867 autoreload C:\Users\DELL\PycharmProjects\taskmanager\tasks\models.py changed, reloading.
INFO 2025-05-01 17:42:58,331 autoreload Watching for file changes with StatReloader
INFO 2025-05-01 17:43:24,062 autoreload Watching for file changes with StatReloader
INFO 2025-05-01 17:43:44,452 autoreload C:\Users\DELL\PycharmProjects\taskmanager\tasks\admin.py changed, reloading.
INFO 2025-05-01 17:43:45,858 autoreload Watching for file changes with StatReloader
INFO 2025-05-01 17:50:02,393 autoreload C:\Users\DELL\PycharmProjects\taskmanager\tasks\models.py changed, reloading.
INFO 2025-05-01 17:50:04,558 autoreload Watching for file changes with StatReloader
INFO 2025-05-01 17:50:21,380 autoreload C:\Users\DELL\PycharmProjects\taskmanager\users\models.py changed, reloading.
INFO 2025-05-01 17:50:23,062 autoreload Watching for file changes with StatReloader
INFO 2025-05-01 17:51:09,269 autoreload Watching for file changes with StatReloader
INFO 2025-05-01 17:53:55,321 autoreload Watching for file changes with StatReloader
INFO 2025-05-01 17:55:49,835 autoreload Watching for file changes with StatReloader
INFO 2025-05-01 17:56:26,111 autoreload Watching for file changes with StatReloader
INFO 2025-05-01 17:57:47,777 autoreload C:\Users\DELL\PycharmProjects\taskmanager\tasks\admin.py changed, reloading.
INFO 2025-05-01 17:57:49,120 autoreload Watching for file changes with StatReloader
INFO 2025-05-01 17:59:22,333 autoreload C:\Users\DELL\PycharmProjects\taskmanager\tasks\admin.py changed, reloading.
INFO 2025-05-01 17:59:23,539 autoreload Watching for file changes with StatReloader
INFO 2025-05-01 18:00:41,492 autoreload Watching for file changes with StatReloader
INFO 2025-05-01 18:02:35,261 autoreload C:\Users\DELL\PycharmProjects\taskmanager\tasks\admin.py changed, reloading.
INFO 2025-05-01 18:02:36,911 autoreload Watching for file changes with StatReloader
INFO 2025-05-01 18:03:28,992 autoreload Watching for file changes with StatReloader
INFO 2025-05-01 18:05:25,771 autoreload Watching for file changes with StatReloader
WARNING 2025-05-01 18:05:28,562 log Not Found: /
WARNING 2025-05-01 18:05:28,562 basehttp "GET / HTTP/1.1" 404 2560
WARNING 2025-05-01 18:05:28,771 log Not Found: /favicon.ico
WARNING 2025-05-01 18:05:28,772 basehttp "GET /favicon.ico HTTP/1.1" 404 2611
INFO 2025-05-01 18:08:41,670 autoreload Watching for file changes with StatReloader
WARNING 2025-05-01 18:08:43,323 log Not Found: /
WARNING 2025-05-01 18:08:43,323 basehttp "GET / HTTP/1.1" 404 2560
INFO 2025-05-01 18:08:50,807 basehttp "GET /admin/ HTTP/1.1" 302 0
INFO 2025-05-01 18:08:50,862 basehttp "GET /admin/login/?next=/admin/ HTTP/1.1" 200 4181
INFO 2025-05-01 18:09:00,809 basehttp "POST /admin/login/?next=/admin/ HTTP/1.1" 200 4341
INFO 2025-05-01 18:10:39,953 basehttp "POST /admin/login/?next=/admin/ HTTP/1.1" 302 0
INFO 2025-05-01 18:10:40,013 basehttp "GET /admin/ HTTP/1.1" 200 6437
INFO 2025-05-01 18:10:43,674 basehttp "GET /admin/users/customuser/ HTTP/1.1" 200 11380
INFO 2025-05-01 18:10:43,742 basehttp "GET /admin/jsi18n/ HTTP/1.1" 200 3343
INFO 2025-05-01 18:10:50,253 basehttp "GET /admin/auth/group/ HTTP/1.1" 200 7998
INFO 2025-05-01 18:10:50,282 basehttp "GET /admin/jsi18n/ HTTP/1.1" 200 3343
ERROR 2025-05-01 18:10:51,990 log Internal Server Error: /admin/tasks/task/
Traceback (most recent call last):
  File "C:\Users\DELL\AppData\Roaming\Python\Python310\site-packages\django\db\backends\utils.py", line 89, in _execute
    return self.cursor.execute(sql, params)
  File "C:\Users\DELL\AppData\Roaming\Python\Python310\site-packages\django\db\backends\sqlite3\base.py", line 328, in execute
    return super().execute(query, params)
sqlite3.OperationalError: no such column: tasks_task.created_by_id

The above exception was the direct cause of the following exception:

Traceback (most recent call last):
  File "C:\Users\DELL\AppData\Roaming\Python\Python310\site-packages\django\core\handlers\exception.py", line 55, in inner
    response = get_response(request)
  File "C:\Users\DELL\AppData\Roaming\Python\Python310\site-packages\django\core\handlers\base.py", line 197, in _get_response
    response = wrapped_callback(request, *callback_args, **callback_kwargs)
  File "C:\Users\DELL\AppData\Roaming\Python\Python310\site-packages\django\contrib\admin\options.py", line 688, in wrapper
    return self.admin_site.admin_view(view)(*args, **kwargs)
  File "C:\Users\DELL\AppData\Roaming\Python\Python310\site-packages\django\utils\decorators.py", line 134, in _wrapper_view
    response = view_func(request, *args, **kwargs)
  File "C:\Users\DELL\AppData\Roaming\Python\Python310\site-packages\django\views\decorators\cache.py", line 62, in _wrapper_view_func
    response = view_func(request, *args, **kwargs)
  File "C:\Users\DELL\AppData\Roaming\Python\Python310\site-packages\django\contrib\admin\sites.py", line 242, in inner
    return view(request, *args, **kwargs)
  File "C:\Users\DELL\AppData\Roaming\Python\Python310\site-packages\django\utils\decorators.py", line 46, in _wrapper
    return bound_method(*args, **kwargs)
  File "C:\Users\DELL\AppData\Roaming\Python\Python310\site-packages\django\utils\decorators.py", line 134, in _wrapper_view
    response = view_func(request, *args, **kwargs)
  File "C:\Users\DELL\AppData\Roaming\Python\Python310\site-packages\django\contrib\admin\options.py", line 1926, in changelist_view
    cl = self.get_changelist_instance(request)
  File "C:\Users\DELL\AppData\Roaming\Python\Python310\site-packages\django\contrib\admin\options.py", line 836, in get_changelist_instance
    return ChangeList(
  File "C:\Users\DELL\AppData\Roaming\Python\Python310\site-packages\django\contrib\admin\views\main.py", line 123, in __init__
    self.get_results(request)
  File "C:\Users\DELL\AppData\Roaming\Python\Python310\site-packages\django\contrib\admin\views\main.py", line 279, in get_results
    result_count = paginator.count
  File "C:\Users\DELL\AppData\Roaming\Python\Python310\site-packages\django\utils\functional.py", line 57, in __get__
    res = instance.__dict__[self.name] = self.func(instance)
  File "C:\Users\DELL\AppData\Roaming\Python\Python310\site-packages\django\core\paginator.py", line 93, in count
    return c()
  File "C:\Users\DELL\AppData\Roaming\Python\Python310\site-packages\django\db\models\query.py", line 608, in count
    return self.query.get_count(using=self.db)
  File "C:\Users\DELL\AppData\Roaming\Python\Python310\site-packages\django\db\models\sql\query.py", line 568, in get_count
    return obj.get_aggregation(using, {"__count": Count("*")})["__count"]
  File "C:\Users\DELL\AppData\Roaming\Python\Python310\site-packages\django\db\models\sql\query.py", line 554, in get_aggregation
    result = compiler.execute_sql(SINGLE)
  File "C:\Users\DELL\AppData\Roaming\Python\Python310\site-packages\django\db\models\sql\compiler.py", line 1562, in execute_sql
    cursor.execute(sql, params)
  File "C:\Users\DELL\AppData\Roaming\Python\Python310\site-packages\django\db\backends\utils.py", line 102, in execute
    return super().execute(sql, params)
  File "C:\Users\DELL\AppData\Roaming\Python\Python310\site-packages\django\db\backends\utils.py", line 67, in execute
    return self._execute_with_wrappers(
  File "C:\Users\DELL\AppData\Roaming\Python\Python310\site-packages\django\db\backends\utils.py", line 80, in _execute_with_wrappers
    return executor(sql, params, many, context)
  File "C:\Users\DELL\AppData\Roaming\Python\Python310\site-packages\django\db\backends\utils.py", line 84, in _execute
    with self.db.wrap_database_errors:
  File "C:\Users\DELL\AppData\Roaming\Python\Python310\site-packages\django\db\utils.py", line 91, in __exit__
    raise dj_exc_value.with_traceback(traceback) from exc_value
  File "C:\Users\DELL\AppData\Roaming\Python\Python310\site-packages\django\db\backends\utils.py", line 89, in _execute
    return self.cursor.execute(sql, params)
  File "C:\Users\DELL\AppData\Roaming\Python\Python310\site-packages\django\db\backends\sqlite3\base.py", line 328, in execute
    return super().execute(query, params)
django.db.utils.OperationalError: no such column: tasks_task.created_by_id
ERROR 2025-05-01 18:10:52,028 basehttp "GET /admin/tasks/task/ HTTP/1.1" 500 183624
INFO 2025-05-01 18:10:57,092 basehttp "GET /admin/auth/group/ HTTP/1.1" 200 7998
INFO 2025-05-01 18:10:58,450 basehttp "GET /admin/users/customuser/ HTTP/1.1" 200 11380
INFO 2025-05-01 18:10:58,475 basehttp "GET /admin/jsi18n/ HTTP/1.1" 200 3343
ERROR 2025-05-01 18:11:02,826 log Internal Server Error: /admin/users/customuser/add/
Traceback (most recent call last):
  File "C:\Users\DELL\AppData\Roaming\Python\Python310\site-packages\django\contrib\admin\options.py", line 809, in get_form
    return modelform_factory(self.model, **defaults)
  File "C:\Users\DELL\AppData\Roaming\Python\Python310\site-packages\django\forms\models.py", line 642, in modelform_factory
    return type(form)(class_name, (form,), form_class_attrs)
  File "C:\Users\DELL\AppData\Roaming\Python\Python310\site-packages\django\forms\models.py", line 321, in __new__
    raise FieldError(message)
django.core.exceptions.FieldError: Unknown field(s) (password2, password1) specified for CustomUser

During handling of the above exception, another exception occurred:

Traceback (most recent call last):
  File "C:\Users\DELL\AppData\Roaming\Python\Python310\site-packages\django\core\handlers\exception.py", line 55, in inner
    response = get_response(request)
  File "C:\Users\DELL\AppData\Roaming\Python\Python310\site-packages\django\core\handlers\base.py", line 197, in _get_response
    response = wrapped_callback(request, *callback_args, **callback_kwargs)
  File "C:\Users\DELL\AppData\Roaming\Python\Python310\site-packages\django\contrib\admin\options.py", line 688, in wrapper
    return self.admin_site.admin_view(view)(*args, **kwargs)
  File "C:\Users\DELL\AppData\Roaming\Python\Python310\site-packages\django\utils\decorators.py", line 134, in _wrapper_view
    response = view_func(request, *args, **kwargs)
  File "C:\Users\DELL\AppData\Roaming\Python\Python310\site-packages\django\views\decorators\cache.py", line 62, in _wrapper_view_func
    response = view_func(request, *args, **kwargs)
  File "C:\Users\DELL\AppData\Roaming\Python\Python310\site-packages\django\contrib\admin\sites.py", line 242, in inner
    return view(request, *args, **kwargs)
  File "C:\Users\DELL\AppData\Roaming\Python\Python310\site-packages\django\utils\decorators.py", line 46, in _wrapper
    return bound_method(*args, **kwargs)
  File "C:\Users\DELL\AppData\Roaming\Python\Python310\site-packages\django\views\decorators\debug.py", line 92, in sensitive_post_parameters_wrapper
    return view(request, *args, **kwargs)
  File "C:\Users\DELL\AppData\Roaming\Python\Python310\site-packages\django\utils\decorators.py", line 46, in _wrapper
    return bound_method(*args, **kwargs)
  File "C:\Users\DELL\AppData\Roaming\Python\Python310\site-packages\django\utils\decorators.py", line 134, in _wrapper_view
    response = view_func(request, *args, **kwargs)
  File "C:\Users\DELL\AppData\Roaming\Python\Python310\site-packages\django\contrib\auth\admin.py", line 119, in add_view
    return self._add_view(request, form_url, extra_context)
  File "C:\Users\DELL\AppData\Roaming\Python\Python310\site-packages\django\contrib\auth\admin.py", line 147, in _add_view
    return super().add_view(request, form_url, extra_context)
  File "C:\Users\DELL\AppData\Roaming\Python\Python310\site-packages\django\contrib\admin\options.py", line 1886, in add_view
    return self.changeform_view(request, None, form_url, extra_context)
  File "C:\Users\DELL\AppData\Roaming\Python\Python310\site-packages\django\utils\decorators.py", line 46, in _wrapper
    return bound_method(*args, **kwargs)
  File "C:\Users\DELL\AppData\Roaming\Python\Python310\site-packages\django\utils\decorators.py", line 134, in _wrapper_view
    response = view_func(request, *args, **kwargs)
  File "C:\Users\DELL\AppData\Roaming\Python\Python310\site-packages\django\contrib\admin\options.py", line 1747, in changeform_view
    return self._changeform_view(request, object_id, form_url, extra_context)
  File "C:\Users\DELL\AppData\Roaming\Python\Python310\site-packages\django\contrib\admin\options.py", line 1782, in _changeform_view
    ModelForm = self.get_form(
  File "C:\Users\DELL\AppData\Roaming\Python\Python310\site-packages\django\contrib\auth\admin.py", line 98, in get_form
    return super().get_form(request, obj, **defaults)
  File "C:\Users\DELL\AppData\Roaming\Python\Python310\site-packages\django\contrib\admin\options.py", line 811, in get_form
    raise FieldError(
django.core.exceptions.FieldError: Unknown field(s) (password2, password1) specified for CustomUser. Check fields/fieldsets/exclude attributes of class CustomUserAdmin.
ERROR 2025-05-01 18:11:02,844 basehttp "GET /admin/users/customuser/add/ HTTP/1.1" 500 169658
INFO 2025-05-01 18:11:07,609 basehttp "GET /admin/users/customuser/ HTTP/1.1" 200 11380
INFO 2025-05-01 18:11:40,696 autoreload C:\Users\DELL\PycharmProjects\taskmanager\tasks\migrations\0001_initial.py changed, reloading.
INFO 2025-05-01 18:11:41,616 autoreload Watching for file changes with StatReloader
INFO 2025-05-01 18:12:33,170 basehttp "GET /admin/users/customuser/ HTTP/1.1" 302 0
INFO 2025-05-01 18:12:33,203 basehttp "GET /admin/login/?next=/admin/users/customuser/ HTTP/1.1" 200 4215
INFO 2025-05-01 18:12:44,593 basehttp "POST /admin/login/?next=/admin/users/customuser/ HTTP/1.1" 200 4375
INFO 2025-05-01 18:13:23,381 autoreload Watching for file changes with StatReloader
INFO 2025-05-01 18:15:38,464 basehttp "POST /admin/login/?next=/admin/users/customuser/ HTTP/1.1" 302 0
INFO 2025-05-01 18:15:38,549 basehttp "GET /admin/users/customuser/ HTTP/1.1" 200 10963
INFO 2025-05-01 18:15:38,576 basehttp "GET /admin/jsi18n/ HTTP/1.1" 200 3343
ERROR 2025-05-01 18:15:43,264 log Internal Server Error: /admin/users/customuser/add/
Traceback (most recent call last):
  File "C:\Users\DELL\AppData\Roaming\Python\Python310\site-packages\django\contrib\admin\options.py", line 809, in get_form
    return modelform_factory(self.model, **defaults)
  File "C:\Users\DELL\AppData\Roaming\Python\Python310\site-packages\django\forms\models.py", line 642, in modelform_factory
    return type(form)(class_name, (form,), form_class_attrs)
  File "C:\Users\DELL\AppData\Roaming\Python\Python310\site-packages\django\forms\models.py", line 321, in __new__
    raise FieldError(message)
django.core.exceptions.FieldError: Unknown field(s) (password2, password1) specified for CustomUser

During handling of the above exception, another exception occurred:

Traceback (most recent call last):
  File "C:\Users\DELL\AppData\Roaming\Python\Python310\site-packages\django\core\handlers\exception.py", line 55, in inner
    response = get_response(request)
  File "C:\Users\DELL\AppData\Roaming\Python\Python310\site-packages\django\core\handlers\base.py", line 197, in _get_response
    response = wrapped_callback(request, *callback_args, **callback_kwargs)
  File "C:\Users\DELL\AppData\Roaming\Python\Python310\site-packages\django\contrib\admin\options.py", line 688, in wrapper
    return self.admin_site.admin_view(view)(*args, **kwargs)
  File "C:\Users\DELL\AppData\Roaming\Python\Python310\site-packages\django\utils\decorators.py", line 134, in _wrapper_view
    response = view_func(request, *args, **kwargs)
  File "C:\Users\DELL\AppData\Roaming\Python\Python310\site-packages\django\views\decorators\cache.py", line 62, in _wrapper_view_func
    response = view_func(request, *args, **kwargs)
  File "C:\Users\DELL\AppData\Roaming\Python\Python310\site-packages\django\contrib\admin\sites.py", line 242, in inner
    return view(request, *args, **kwargs)
  File "C:\Users\DELL\AppData\Roaming\Python\Python310\site-packages\django\utils\decorators.py", line 46, in _wrapper
    return bound_method(*args, **kwargs)
  File "C:\Users\DELL\AppData\Roaming\Python\Python310\site-packages\django\views\decorators\debug.py", line 92, in sensitive_post_parameters_wrapper
    return view(request, *args, **kwargs)
  File "C:\Users\DELL\AppData\Roaming\Python\Python310\site-packages\django\utils\decorators.py", line 46, in _wrapper
    return bound_method(*args, **kwargs)
  File "C:\Users\DELL\AppData\Roaming\Python\Python310\site-packages\django\utils\decorators.py", line 134, in _wrapper_view
    response = view_func(request, *args, **kwargs)
  File "C:\Users\DELL\AppData\Roaming\Python\Python310\site-packages\django\contrib\auth\admin.py", line 119, in add_view
    return self._add_view(request, form_url, extra_context)
  File "C:\Users\DELL\AppData\Roaming\Python\Python310\site-packages\django\contrib\auth\admin.py", line 147, in _add_view
    return super().add_view(request, form_url, extra_context)
  File "C:\Users\DELL\AppData\Roaming\Python\Python310\site-packages\django\contrib\admin\options.py", line 1886, in add_view
    return self.changeform_view(request, None, form_url, extra_context)
  File "C:\Users\DELL\AppData\Roaming\Python\Python310\site-packages\django\utils\decorators.py", line 46, in _wrapper
    return bound_method(*args, **kwargs)
  File "C:\Users\DELL\AppData\Roaming\Python\Python310\site-packages\django\utils\decorators.py", line 134, in _wrapper_view
    response = view_func(request, *args, **kwargs)
  File "C:\Users\DELL\AppData\Roaming\Python\Python310\site-packages\django\contrib\admin\options.py", line 1747, in changeform_view
    return self._changeform_view(request, object_id, form_url, extra_context)
  File "C:\Users\DELL\AppData\Roaming\Python\Python310\site-packages\django\contrib\admin\options.py", line 1782, in _changeform_view
    ModelForm = self.get_form(
  File "C:\Users\DELL\AppData\Roaming\Python\Python310\site-packages\django\contrib\auth\admin.py", line 98, in get_form
    return super().get_form(request, obj, **defaults)
  File "C:\Users\DELL\AppData\Roaming\Python\Python310\site-packages\django\contrib\admin\options.py", line 811, in get_form
    raise FieldError(
django.core.exceptions.FieldError: Unknown field(s) (password2, password1) specified for CustomUser. Check fields/fieldsets/exclude attributes of class CustomUserAdmin.
ERROR 2025-05-01 18:15:43,280 basehttp "GET /admin/users/customuser/add/ HTTP/1.1" 500 169658
INFO 2025-05-01 18:15:44,692 basehttp "GET /admin/users/customuser/ HTTP/1.1" 200 10963
INFO 2025-05-01 18:15:46,323 basehttp "GET /admin/tasks/task/add/ HTTP/1.1" 200 16560
INFO 2025-05-01 18:15:46,341 basehttp "GET /admin/jsi18n/ HTTP/1.1" 200 3343
INFO 2025-05-01 18:15:46,511 basehttp "GET /static/admin/js/collapse.js HTTP/1.1" 200 1803
INFO 2025-05-01 18:15:48,451 basehttp "GET /admin/users/customuser/ HTTP/1.1" 200 10963
INFO 2025-05-01 18:15:48,471 basehttp "GET /admin/jsi18n/ HTTP/1.1" 200 3343
ERROR 2025-05-01 18:15:50,258 log Internal Server Error: /admin/users/customuser/add/
Traceback (most recent call last):
  File "C:\Users\DELL\AppData\Roaming\Python\Python310\site-packages\django\contrib\admin\options.py", line 809, in get_form
    return modelform_factory(self.model, **defaults)
  File "C:\Users\DELL\AppData\Roaming\Python\Python310\site-packages\django\forms\models.py", line 642, in modelform_factory
    return type(form)(class_name, (form,), form_class_attrs)
  File "C:\Users\DELL\AppData\Roaming\Python\Python310\site-packages\django\forms\models.py", line 321, in __new__
    raise FieldError(message)
django.core.exceptions.FieldError: Unknown field(s) (password2, password1) specified for CustomUser

During handling of the above exception, another exception occurred:

Traceback (most recent call last):
  File "C:\Users\DELL\AppData\Roaming\Python\Python310\site-packages\django\core\handlers\exception.py", line 55, in inner
    response = get_response(request)
  File "C:\Users\DELL\AppData\Roaming\Python\Python310\site-packages\django\core\handlers\base.py", line 197, in _get_response
    response = wrapped_callback(request, *callback_args, **callback_kwargs)
  File "C:\Users\DELL\AppData\Roaming\Python\Python310\site-packages\django\contrib\admin\options.py", line 688, in wrapper
    return self.admin_site.admin_view(view)(*args, **kwargs)
  File "C:\Users\DELL\AppData\Roaming\Python\Python310\site-packages\django\utils\decorators.py", line 134, in _wrapper_view
    response = view_func(request, *args, **kwargs)
  File "C:\Users\DELL\AppData\Roaming\Python\Python310\site-packages\django\views\decorators\cache.py", line 62, in _wrapper_view_func
    response = view_func(request, *args, **kwargs)
  File "C:\Users\DELL\AppData\Roaming\Python\Python310\site-packages\django\contrib\admin\sites.py", line 242, in inner
    return view(request, *args, **kwargs)
  File "C:\Users\DELL\AppData\Roaming\Python\Python310\site-packages\django\utils\decorators.py", line 46, in _wrapper
    return bound_method(*args, **kwargs)
  File "C:\Users\DELL\AppData\Roaming\Python\Python310\site-packages\django\views\decorators\debug.py", line 92, in sensitive_post_parameters_wrapper
    return view(request, *args, **kwargs)
  File "C:\Users\DELL\AppData\Roaming\Python\Python310\site-packages\django\utils\decorators.py", line 46, in _wrapper
    return bound_method(*args, **kwargs)
  File "C:\Users\DELL\AppData\Roaming\Python\Python310\site-packages\django\utils\decorators.py", line 134, in _wrapper_view
    response = view_func(request, *args, **kwargs)
  File "C:\Users\DELL\AppData\Roaming\Python\Python310\site-packages\django\contrib\auth\admin.py", line 119, in add_view
    return self._add_view(request, form_url, extra_context)
  File "C:\Users\DELL\AppData\Roaming\Python\Python310\site-packages\django\contrib\auth\admin.py", line 147, in _add_view
    return super().add_view(request, form_url, extra_context)
  File "C:\Users\DELL\AppData\Roaming\Python\Python310\site-packages\django\contrib\admin\options.py", line 1886, in add_view
    return self.changeform_view(request, None, form_url, extra_context)
  File "C:\Users\DELL\AppData\Roaming\Python\Python310\site-packages\django\utils\decorators.py", line 46, in _wrapper
    return bound_method(*args, **kwargs)
  File "C:\Users\DELL\AppData\Roaming\Python\Python310\site-packages\django\utils\decorators.py", line 134, in _wrapper_view
    response = view_func(request, *args, **kwargs)
  File "C:\Users\DELL\AppData\Roaming\Python\Python310\site-packages\django\contrib\admin\options.py", line 1747, in changeform_view
    return self._changeform_view(request, object_id, form_url, extra_context)
  File "C:\Users\DELL\AppData\Roaming\Python\Python310\site-packages\django\contrib\admin\options.py", line 1782, in _changeform_view
    ModelForm = self.get_form(
  File "C:\Users\DELL\AppData\Roaming\Python\Python310\site-packages\django\contrib\auth\admin.py", line 98, in get_form
    return super().get_form(request, obj, **defaults)
  File "C:\Users\DELL\AppData\Roaming\Python\Python310\site-packages\django\contrib\admin\options.py", line 811, in get_form
    raise FieldError(
django.core.exceptions.FieldError: Unknown field(s) (password2, password1) specified for CustomUser. Check fields/fieldsets/exclude attributes of class CustomUserAdmin.
ERROR 2025-05-01 18:15:50,276 basehttp "GET /admin/users/customuser/add/ HTTP/1.1" 500 169658
INFO 2025-05-01 18:16:28,715 basehttp "GET /admin/users/customuser/ HTTP/1.1" 200 10963
INFO 2025-05-01 18:16:29,671 basehttp "GET /admin/users/customuser/ HTTP/1.1" 200 10963
INFO 2025-05-01 18:16:29,690 basehttp "GET /admin/jsi18n/ HTTP/1.1" 200 3343
ERROR 2025-05-01 18:16:34,138 log Internal Server Error: /admin/users/customuser/add/
Traceback (most recent call last):
  File "C:\Users\DELL\AppData\Roaming\Python\Python310\site-packages\django\contrib\admin\options.py", line 809, in get_form
    return modelform_factory(self.model, **defaults)
  File "C:\Users\DELL\AppData\Roaming\Python\Python310\site-packages\django\forms\models.py", line 642, in modelform_factory
    return type(form)(class_name, (form,), form_class_attrs)
  File "C:\Users\DELL\AppData\Roaming\Python\Python310\site-packages\django\forms\models.py", line 321, in __new__
    raise FieldError(message)
django.core.exceptions.FieldError: Unknown field(s) (password2, password1) specified for CustomUser

During handling of the above exception, another exception occurred:

Traceback (most recent call last):
  File "C:\Users\DELL\AppData\Roaming\Python\Python310\site-packages\django\core\handlers\exception.py", line 55, in inner
    response = get_response(request)
  File "C:\Users\DELL\AppData\Roaming\Python\Python310\site-packages\django\core\handlers\base.py", line 197, in _get_response
    response = wrapped_callback(request, *callback_args, **callback_kwargs)
  File "C:\Users\DELL\AppData\Roaming\Python\Python310\site-packages\django\contrib\admin\options.py", line 688, in wrapper
    return self.admin_site.admin_view(view)(*args, **kwargs)
  File "C:\Users\DELL\AppData\Roaming\Python\Python310\site-packages\django\utils\decorators.py", line 134, in _wrapper_view
    response = view_func(request, *args, **kwargs)
  File "C:\Users\DELL\AppData\Roaming\Python\Python310\site-packages\django\views\decorators\cache.py", line 62, in _wrapper_view_func
    response = view_func(request, *args, **kwargs)
  File "C:\Users\DELL\AppData\Roaming\Python\Python310\site-packages\django\contrib\admin\sites.py", line 242, in inner
    return view(request, *args, **kwargs)
  File "C:\Users\DELL\AppData\Roaming\Python\Python310\site-packages\django\utils\decorators.py", line 46, in _wrapper
    return bound_method(*args, **kwargs)
  File "C:\Users\DELL\AppData\Roaming\Python\Python310\site-packages\django\views\decorators\debug.py", line 92, in sensitive_post_parameters_wrapper
    return view(request, *args, **kwargs)
  File "C:\Users\DELL\AppData\Roaming\Python\Python310\site-packages\django\utils\decorators.py", line 46, in _wrapper
    return bound_method(*args, **kwargs)
  File "C:\Users\DELL\AppData\Roaming\Python\Python310\site-packages\django\utils\decorators.py", line 134, in _wrapper_view
    response = view_func(request, *args, **kwargs)
  File "C:\Users\DELL\AppData\Roaming\Python\Python310\site-packages\django\contrib\auth\admin.py", line 119, in add_view
    return self._add_view(request, form_url, extra_context)
  File "C:\Users\DELL\AppData\Roaming\Python\Python310\site-packages\django\contrib\auth\admin.py", line 147, in _add_view
    return super().add_view(request, form_url, extra_context)
  File "C:\Users\DELL\AppData\Roaming\Python\Python310\site-packages\django\contrib\admin\options.py", line 1886, in add_view
    return self.changeform_view(request, None, form_url, extra_context)
  File "C:\Users\DELL\AppData\Roaming\Python\Python310\site-packages\django\utils\decorators.py", line 46, in _wrapper
    return bound_method(*args, **kwargs)
  File "C:\Users\DELL\AppData\Roaming\Python\Python310\site-packages\django\utils\decorators.py", line 134, in _wrapper_view
    response = view_func(request, *args, **kwargs)
  File "C:\Users\DELL\AppData\Roaming\Python\Python310\site-packages\django\contrib\admin\options.py", line 1747, in changeform_view
    return self._changeform_view(request, object_id, form_url, extra_context)
  File "C:\Users\DELL\AppData\Roaming\Python\Python310\site-packages\django\contrib\admin\options.py", line 1782, in _changeform_view
    ModelForm = self.get_form(
  File "C:\Users\DELL\AppData\Roaming\Python\Python310\site-packages\django\contrib\auth\admin.py", line 98, in get_form
    return super().get_form(request, obj, **defaults)
  File "C:\Users\DELL\AppData\Roaming\Python\Python310\site-packages\django\contrib\admin\options.py", line 811, in get_form
    raise FieldError(
django.core.exceptions.FieldError: Unknown field(s) (password2, password1) specified for CustomUser. Check fields/fieldsets/exclude attributes of class CustomUserAdmin.
ERROR 2025-05-01 18:16:34,140 basehttp "GET /admin/users/customuser/add/ HTTP/1.1" 500 169658
INFO 2025-05-01 18:16:35,857 basehttp "GET /admin/users/customuser/ HTTP/1.1" 200 10963
INFO 2025-05-01 18:16:36,999 basehttp "GET /admin/tasks/task/add/ HTTP/1.1" 200 16560
INFO 2025-05-01 18:16:37,024 basehttp "GET /admin/jsi18n/ HTTP/1.1" 200 3343
INFO 2025-05-01 18:17:24,742 autoreload C:\Users\DELL\PycharmProjects\taskmanager\users\admin.py changed, reloading.
INFO 2025-05-01 18:17:25,703 autoreload Watching for file changes with StatReloader
INFO 2025-05-01 18:17:50,725 basehttp "GET /admin/tasks/task/add/ HTTP/1.1" 200 16560
INFO 2025-05-01 18:17:50,744 basehttp "GET /admin/jsi18n/ HTTP/1.1" 200 3343
INFO 2025-05-01 18:17:52,645 basehttp "GET /admin/users/customuser/add/ HTTP/1.1" 200 13086
INFO 2025-05-01 18:17:52,671 basehttp "GET /admin/jsi18n/ HTTP/1.1" 200 3343
INFO 2025-05-01 18:17:52,780 basehttp "GET /static/admin/img/icon-deletelink.svg HTTP/1.1" 200 392
INFO 2025-05-01 18:17:59,583 basehttp "GET /admin/users/customuser/add/?_to_field=id&_popup=1 HTTP/1.1" 200 8994
INFO 2025-05-01 18:17:59,614 basehttp "GET /admin/jsi18n/ HTTP/1.1" 200 3343
INFO 2025-05-01 18:18:19,994 basehttp "POST /admin/users/customuser/add/?_to_field=id&_popup=1 HTTP/1.1" 200 324
INFO 2025-05-01 18:18:20,023 basehttp "GET /static/admin/js/popup_response.js HTTP/1.1" 200 551
INFO 2025-05-01 18:18:23,832 basehttp "POST /admin/users/customuser/add/ HTTP/1.1" 200 13476
INFO 2025-05-01 18:18:23,859 basehttp "GET /admin/jsi18n/ HTTP/1.1" 200 3343
INFO 2025-05-01 18:18:41,020 basehttp "POST /admin/users/customuser/add/ HTTP/1.1" 200 13292
INFO 2025-05-01 18:18:41,045 basehttp "GET /admin/jsi18n/ HTTP/1.1" 200 3343
INFO 2025-05-01 18:18:56,521 basehttp "POST /admin/users/customuser/add/ HTTP/1.1" 302 0
INFO 2025-05-01 18:18:56,609 basehttp "GET /admin/users/customuser/3/change/ HTTP/1.1" 200 23107
INFO 2025-05-01 18:18:56,643 basehttp "GET /admin/jsi18n/ HTTP/1.1" 200 3343
INFO 2025-05-01 18:19:48,021 basehttp "POST /admin/users/customuser/3/change/ HTTP/1.1" 302 0
INFO 2025-05-01 18:19:48,066 basehttp "GET /admin/users/customuser/ HTTP/1.1" 200 12003
INFO 2025-05-01 18:19:48,094 basehttp "GET /admin/jsi18n/ HTTP/1.1" 200 3343
INFO 2025-05-01 18:19:59,302 basehttp "GET /admin/users/customuser/add/ HTTP/1.1" 200 13086
INFO 2025-05-01 18:19:59,337 basehttp "GET /admin/jsi18n/ HTTP/1.1" 200 3343
INFO 2025-05-01 18:20:02,869 basehttp "GET /admin/users/customuser/ HTTP/1.1" 200 11800
INFO 2025-05-01 18:20:02,893 basehttp "GET /admin/jsi18n/ HTTP/1.1" 200 3343
INFO 2025-05-01 18:20:06,851 basehttp "GET /admin/users/customuser/?is_staff__exact=1 HTTP/1.1" 200 11521
INFO 2025-05-01 18:20:06,874 basehttp "GET /admin/jsi18n/ HTTP/1.1" 200 3343
INFO 2025-05-01 18:20:09,090 basehttp "GET /admin/users/customuser/?is_staff__exact=0 HTTP/1.1" 200 11983
INFO 2025-05-01 18:20:09,112 basehttp "GET /admin/jsi18n/ HTTP/1.1" 200 3343
INFO 2025-05-01 18:20:13,123 basehttp "GET /admin/users/customuser/?is_staff__exact=0&role__exact=ADMIN HTTP/1.1" 200 9801
INFO 2025-05-01 18:20:13,154 basehttp "GET /admin/jsi18n/ HTTP/1.1" 200 3343
INFO 2025-05-01 18:20:14,841 basehttp "GET /admin/users/customuser/?is_staff__exact=0&role__exact=USER HTTP/1.1" 200 12310
INFO 2025-05-01 18:20:14,862 basehttp "GET /admin/jsi18n/ HTTP/1.1" 200 3343
INFO 2025-05-01 18:20:16,664 basehttp "GET /admin/users/customuser/?is_staff__exact=0&role__exact=ADMIN HTTP/1.1" 200 9801
INFO 2025-05-01 18:20:16,688 basehttp "GET /admin/jsi18n/ HTTP/1.1" 200 3343
INFO 2025-05-01 18:20:23,345 basehttp "GET /admin/users/customuser/?is_staff__exact=0&role__exact=ADMIN HTTP/1.1" 200 9801
INFO 2025-05-01 18:20:23,355 basehttp "GET /admin/jsi18n/ HTTP/1.1" 200 3343
INFO 2025-05-01 18:20:23,973 basehttp "GET /admin/users/customuser/?is_staff__exact=0&role__exact=ADMIN HTTP/1.1" 200 9801
INFO 2025-05-01 18:20:24,000 basehttp "GET /admin/jsi18n/ HTTP/1.1" 200 3343
INFO 2025-05-01 18:20:24,226 basehttp "GET /admin/users/customuser/?is_staff__exact=0&role__exact=ADMIN HTTP/1.1" 200 9801
INFO 2025-05-01 18:20:24,252 basehttp "GET /admin/jsi18n/ HTTP/1.1" 200 3343
INFO 2025-05-01 18:20:24,474 basehttp "GET /admin/users/customuser/?is_staff__exact=0&role__exact=ADMIN HTTP/1.1" 200 9801
INFO 2025-05-01 18:20:24,521 basehttp "GET /admin/jsi18n/ HTTP/1.1" 200 3343
INFO 2025-05-01 18:20:25,119 basehttp "GET /admin/users/customuser/?is_staff__exact=0&role__exact=ADMIN HTTP/1.1" 200 9801
INFO 2025-05-01 18:20:25,138 basehttp "GET /admin/jsi18n/ HTTP/1.1" 200 3343
INFO 2025-05-01 18:20:36,311 basehttp "GET /admin/users/customuser/ HTTP/1.1" 200 11800
INFO 2025-05-01 18:20:36,348 basehttp "GET /admin/jsi18n/ HTTP/1.1" 200 3343
INFO 2025-05-01 18:20:40,770 basehttp "GET /admin/tasks/task/ HTTP/1.1" 200 8859
INFO 2025-05-01 18:20:40,796 basehttp "GET /admin/jsi18n/ HTTP/1.1" 200 3343
INFO 2025-05-01 18:20:42,801 basehttp "GET /admin/tasks/task/add/ HTTP/1.1" 200 16560
INFO 2025-05-01 18:20:42,827 basehttp "GET /admin/jsi18n/ HTTP/1.1" 200 3343
INFO 2025-05-01 18:21:00,207 basehttp "GET /admin/users/customuser/add/?_to_field=id&_popup=1 HTTP/1.1" 200 8994
INFO 2025-05-01 18:21:00,232 basehttp "GET /admin/jsi18n/ HTTP/1.1" 200 3343
INFO 2025-05-01 18:25:15,314 autoreload C:\Users\DELL\PycharmProjects\taskmanager\tasks\views.py changed, reloading.
INFO 2025-05-01 18:25:16,921 autoreload Watching for file changes with StatReloader
INFO 2025-05-01 18:25:33,841 autoreload C:\Users\DELL\PycharmProjects\taskmanager\users\admin.py changed, reloading.
INFO 2025-05-01 18:25:35,475 autoreload Watching for file changes with StatReloader
INFO 2025-05-01 18:30:45,171 autoreload Watching for file changes with StatReloader
INFO 2025-05-01 18:31:03,914 autoreload C:\Users\DELL\PycharmProjects\taskmanager\tasks\views.py changed, reloading.
INFO 2025-05-01 18:31:05,590 autoreload Watching for file changes with StatReloader
INFO 2025-05-01 18:31:16,331 autoreload C:\Users\DELL\PycharmProjects\taskmanager\tasks\views.py changed, reloading.
INFO 2025-05-01 18:31:17,914 autoreload Watching for file changes with StatReloader
INFO 2025-05-01 19:25:47,566 autoreload Watching for file changes with StatReloader
INFO 2025-05-01 19:46:11,110 autoreload C:\Users\DELL\PycharmProjects\taskmanager\taskmanager\settings.py changed, reloading.
